user: Successfully added: To Kill a Mockingbird (Harper Lee).

user: Book already exists in system.

user: 