user: 17 books successfully added.

user: No books have been added to the system.

user: 