user: Successfully added: To Kill a Mockingbird (Harper Lee).

user: 16 books successfully added.

user: 