user: Success.

user: Success.

user: 100001: T'Challa

user: 