user: Success.

user: 100000: Tony Ironman Stark

user: 