user: Successfully added: To Kill a Mockingbird (Harper Lee).

user: No books by J.K. Rowling.

user: 