user: Successfully added: To Kill a Mockingbird (Harper Lee).

user: Successfully added: Harry Potter 1 (J.K. Rowling).

user: Successfully added: Harry Potter 2 (J.K. Rowling).

user: Harry Potter 1 (J.K. Rowling)
Harry Potter 2 (J.K. Rowling)

user: 