user: Successfully added: To Kill a Mockingbird (Harper Lee).

user: To Kill a Mockingbird (Harper Lee)

user: 