user: Successfully added: To Kill a Mockingbird (Harper Lee).

user: Success.

user: Success.

user: Success.

user: Success.

user: Success.

user: Success.

user: 100000
100001

user: 