user: Successfully added: The Hobbit (J.R.R. Tolkien).

user: No such book in system.

user: 