user: Success.

user: Success.

user: No books in system.

user: 