user: Successfully added: To Kill a Mockingbird (Harper Lee).

user: No books with genre Fantasy.

user: 