user: Successfully added: To Kill a Mockingbird (Harper Lee).

user: Successfully added: So Long and Thanks for all the Fish (Douglas Adams).

user: Successfully added: The Hitchhiker's Guide to the Galaxy (Douglas Adams).

user: The Hitchhiker's Guide to the Galaxy (Douglas Adams)
So Long and Thanks for all the Fish (Douglas Adams)

user: 