user: No members in system.

user: 17 books successfully added.

user: Success.

user: Success.

user: Success.

user: Success.

user: Success.

user: To Kill a Mockingbird (Harper Lee)
The Iliad (Homer)

user: The Hobbit (J.R.R. Tolkien)

user: Success.

user: Member not currently renting.

user: The Hobbit (J.R.R. Tolkien)
To Kill a Mockingbird (Harper Lee)
The Iliad (Homer)

user: Ending Library process.
