user: 17 books successfully added.

user: Success.

user: Success.

user: Success.

user: Success.

user: Success.

user: Success.

user: Book is currently unavailable.

user: Success.

user: Success.

user: Success.

user: To Kill a Mockingbird (Harper Lee)

user: Ending Library process.
