user: 17 books successfully added.

user: Success.

user: Success.

user: The Hobbit (J.R.R. Tolkien)
The Iliad (Homer)
The Odyssey (Homer)
The Hitchhiker's Guide to the Galaxy (Douglas Adams)
So Long and Thanks for all the Fish (Douglas Adams)
Batman Volume 1 (Bob Kane)
Harry Potter 1 (J.K. Rowling)
Harry Potter 2 (J.K. Rowling)
Harry Potter 3 (J.K. Rowling)
Harry Potter 4 (J.K. Rowling)
Harry Potter 5 (J.K. Rowling)
Harry Potter 6 (J.K. Rowling)
Wasteland (T.S. Eliot)
Biggles in the Battle (W.E. Johns)
Aeneid (Virgil)
Halloween (Jamie Lee Curtis)

user: 