user: Successfully added: To Kill a Mockingbird (Harper Lee).

user: Successfully added: Harry Potter 1 (J.K. Rowling).

user: Harper Lee
J.K. Rowling

user: 