user: Successfully added: To Kill a Mockingbird (Harper Lee).

user: 111111: To Kill a Mockingbird (Harper Lee, Historical Fiction)
Currently available.

user: 