user: Successfully added: To Kill a Mockingbird (Harper Lee).

user: Historical Fiction

user: 