user: Successfully added: To Kill a Mockingbird (Harper Lee).

user: Successfully added: The Hobbit (J.R.R. Tolkien).

user: Fantasy
Historical Fiction

user: 