user: Successfully added: To Kill a Mockingbird (Harper Lee).

user: Harper Lee

user: 