user: Success.

user: No such member in system.

user: 