user: Success.

user: Member not currently renting.

user: 