user: Success.

user: No rental history for member.

user: 