user: 17 books successfully added.

user: Aeneid (Virgil): 1
Batman Volume 1 (Bob Kane): 1
Biggles in the Battle (W.E. Johns): 1
Halloween (Jamie Lee Curtis): 1
Harry Potter 1 (J.K. Rowling): 1
Harry Potter 2 (J.K. Rowling): 1
Harry Potter 3 (J.K. Rowling): 1
Harry Potter 4 (J.K. Rowling): 1
Harry Potter 5 (J.K. Rowling): 1
Harry Potter 6 (J.K. Rowling): 1
So Long and Thanks for all the Fish (Douglas Adams): 1
The Hitchhiker's Guide to the Galaxy (Douglas Adams): 1
The Hobbit (J.R.R. Tolkien): 1
The Iliad (Homer): 1
The Odyssey (Homer): 1
To Kill a Mockingbird (Harper Lee): 1
Wasteland (T.S. Eliot): 1

user: 