user: Successfully added: To Kill a Mockingbird (Harper Lee).

user: Success.

user: Success.

user: Success.

user: 