user: Successfully added: To Kill a Mockingbird (Harper Lee).

user: Success.

user: No such book in system.

user: 