user: 17 books successfully added.

user: Success.

user: 